// Jest Snapshot v1, https://goo.gl/fbAQLP

exports[`Main matches the snapshot 1`] = `""`;
