// Jest Snapshot v1, https://goo.gl/fbAQLP

exports[`App matches snapshot 1`] = `
<div
  className="App"
>
  <Connect(Component) />
  <Switch>
    <Route
      exact={true}
      path="/"
      render={[Function]}
    />
    <Route
      path="/favorites"
      render={[Function]}
    />
    <Route
      path="/login"
      render={[Function]}
    />
    <Route
      path="/sign-up"
      render={[Function]}
    />
  </Switch>
</div>
`;
