// Jest Snapshot v1, https://goo.gl/fbAQLP

exports[`Login matches the snapshot 1`] = `
<section>
  <form
    onSubmit={[Function]}
  >
    <input
      autoComplete="email"
      onChange={[Function]}
      placeholder="email"
      required={true}
      type="email"
      value=""
    />
    <input
      autoComplete="on"
      onChange={[Function]}
      placeholder="password"
      required={true}
      type="password"
      value=""
    />
    <button>
      Log In
    </button>
  </form>
</section>
`;
